		1 Lecturer(s) Created
=====================================
Date/time: 2017-12-20 11:24:28 -0800


		1 Lecturer(s) Created
=====================================
Date/time: 2017-12-20 14:23:26 -0800


		3 Lecturer(s) Created
=====================================
Date/time: 2017-12-20 14:24:18 -0800


		1 Course(s) Created
=====================================
Date/time: 2017-12-20 20:12:07 -0800


		1 Course(s) Created
=====================================
Date/time: 2017-12-20 20:12:18 -0800


		1 Course(s) Created
=====================================
Date/time: 2017-12-20 20:12:25 -0800


		1 Course(s) Created
=====================================
Date/time: 2017-12-20 20:12:42 -0800


		1 Course(s) Created
=====================================
Date/time: 2017-12-20 20:43:01 -0800


		1 Course(s) Created
=====================================
Date/time: 2017-12-20 20:43:13 -0800


		1 Course(s) Created
=====================================
Date/time: 2017-12-20 20:43:24 -0800


		3 Course(s) Created
=====================================
Date/time: 2017-12-20 22:48:22 -0800


		3 Course(s) Created
=====================================
Date/time: 2017-12-21 01:05:22 -0800


		1 Lecturer(s) Created
=====================================
Date/time: 2017-12-21 02:44:04 -0800


		3 Course(s) Created
=====================================
Date/time: 2017-12-22 23:31:58 -0800


		4 Course(s) Created
=====================================
Date/time: 2017-12-23 17:15:31 -0800


		1 Course(s) Created
=====================================
Date/time: 2017-12-23 19:46:07 -0800


		1 Student(s) Created
=====================================
Date/time: 2017-12-29 20:55:51 -0800


		1 Lecturer(s) Created
=====================================
Date/time: 2017-12-29 12:29:30 -0800


