		Admin signed in
=====================================
Username: Samuel
Date/time: 2018-01-07 23:27:27 -0800


		Lecturer signed in
=====================================
Username: Sf/12/1463
Date/time: 2018-01-07 23:27:46 -0800


		Student signed in
=====================================
Username: Ug/12/1463
Date/time: 2018-01-07 23:28:20 -0800


		Admin signed in
=====================================
Username: Samuel
Date/time: 2018-01-08 11:56:17 -0800


		Admin signed in
=====================================
Username: Samuel
Date/time: 2018-01-08 12:03:10 -0800


		Admin signed in
=====================================
Username: Samuel
Date/time: 2018-01-08 12:58:40 -0800


		Admin signed in
=====================================
Username: Samuel
Date/time: 2018-01-09 00:37:56 -0800


		Student signed in
=====================================
Username: Ug/12/1463
Date/time: 2018-01-09 00:38:51 -0800


		Student signed in
=====================================
Username: Ug/12/1463
Date/time: 2018-01-09 00:52:19 -0800


		Admin signed in
=====================================
Username: Samuel
Date/time: 2018-01-09 00:52:56 -0800


		Student signed in
=====================================
Username: Ug/12/1463
Date/time: 2018-01-09 00:54:03 -0800


		Admin signed in
=====================================
Username: Samuel
Date/time: 2018-01-09 01:05:11 -0800


		Student signed in
=====================================
Username: Ug/12/1463
Date/time: 2018-01-09 01:05:44 -0800


		Student signed in
=====================================
Username: Ug/12/1463
Date/time: 2018-01-09 01:08:49 -0800


		Admin signed in
=====================================
Username: Samuel
Date/time: 2018-01-10 10:30:41 -0800


		Admin signed in
=====================================
Username: Samuel
Date/time: 2018-01-10 10:31:33 -0800


		Admin signed in
=====================================
Username: Samuel
Date/time: 2018-01-10 10:44:20 -0800


		Admin signed in
=====================================
Username: Samuel
Date/time: 2018-01-11 12:10:13 -0800


		Admin signed in
=====================================
Username: Samuel
Date/time: 2018-01-11 12:40:15 -0800


		Admin signed in
=====================================
Username: Samuel
Date/time: 2018-01-12 07:18:53 -0800


